Microchip MPLAB XC8 Compiler V2.50

Linker command line:

-W-3 \
  --edf=C:\Program Files\Microchip\xc8\v2.50\pic\dat\20240725155939_en.msgs \
  -cn -h+dist/default/production\02_Pick_to_Light_Server.X.production.sym \
  --cmf=dist/default/production\02_Pick_to_Light_Server.X.production.cmf -z \
  -Q18F4580 -oC:\Users\user\AppData\Local\Temp\xcCshi8.2\driver_tmp_3.o \
  --defsym=__MPLAB_BUILD=1 --fixupoverflow=error \
  -Mdist/default/production/02_Pick_to_Light_Server.X.production.map \
  --md=C:\Users\user\AppData\Local\Temp\xcCshi8.2\driver_tmp_0.dat -E1 \
  -ver=XC8 Compiler --acfsm=1493 -ACODE=00h-03000h -ACONST=00h-03000h \
  -ASMALLCONST=0600h-06FFhx42,03000h-03000h -AMEDIUMCONST=0600h-03000h \
  -ACOMRAM=01h-05Fh -AABS1=00h-05FFh -ABIGRAM=01h-05FFh \
  -ARAM=060h-0FFh,0100h-01FFhx5 -ABANK0=060h-0FFh -ABANK1=0100h-01FFh \
  -ABANK2=0200h-02FFh -ABANK3=0300h-03FFh -ABANK4=0400h-04FFh \
  -ABANK5=0500h-05FFh -ASFR=0D00h-0DFFhx2,0F00h-0F5Fh,0F60h-0FFFh \
  -ABIGSFR=0D00h-0FFFh -ACONFIG=0300000h-030000Dh -AIDLOC=0200000h-0200007h \
  -AEEDATA=0F00000h-0F000FFh -peeprom_data=EEDATA \
  -preset_vec=00h,intcode=8h,intcodelo,powerup,init -pramtop=0600h \
  -psmallconst=SMALLCONST -pmediumconst=MEDIUMCONST -pconst=CONST \
  -AFARRAM=00h-00h \
  -prdata=COMRAM,nvrram=COMRAM,nvbit=COMRAM,rbss=COMRAM,rbit=COMRAM \
  -pfarbss=FARRAM,fardata=FARRAM,nvFARRAM=FARRAM \
  -pintsave_regs=BIGRAM,bigbss=BIGRAM,bigdata=BIGRAM -pbss=RAM \
  -pidata=CODE,irdata=CODE,ibigdata=CODE,ifardata=CODE -prparam=COMRAM \
  C:\Users\user\AppData\Local\Temp\xcCshi8.2\driver_tmp_9.o \
  dist/default/production\02_Pick_to_Light_Server.X.production.o 

Object code version is 3.11

Machine type is 18F4580



                Name                               Link     Load   Length Selector   Space Scale
C:\Users\user\AppData\Local\Temp\xcCshi8.2\driver_tmp_9.o
                idloc                            200000   200000        8        0       5
                config                           300000   300000        E        0       4
                init                                  E        E        4        4       0
                reset_vec                             0        0        4        0       0
dist/default/production\02_Pick_to_Light_Server.X.production.o
                intcode                               8        8        6        4       0
                idloc                            200000   200000        8        0       5
                config                           300000   300000        E        0       4
                temp                                 2E       2E        1        1       1
                mediumconst                        2E76     2E76      18A     173B       0
                intcode_body                        3E8      3E8       2A        4       0
                text9                               2AC      2AC       50        4       0
                text8                               386      386       36        4       0
                text7                               42E      42E       16        4       0
                text6                               24E      24E       5E        4       0
                text5                               344      344       42        4       0
                text4                                12       12      18E        4       0
                text3                               2FC      2FC       48        4       0
                text2                               444      444       12        4       0
                text1                               412      412       1C        4       0
                text0                               1A0      1A0       AE        4       0
                cstackCOMRAM                         25       25        8        1       1
                dataCOMRAM                           2D       2D        1        1       1
                bssCOMRAM                             1        1       24        1       1
                cinit                               3BC      3BC       2C        4       0
                idataCOMRAM                        3000     3000        1     3000       0

TOTAL           Name                               Link     Load   Length     Space
        CLASS   CODE           
                intcode                               8        8        6         0
                init                                  E        E        4         0
                reset_vec                             0        0        4         0
                intcode_body                        3E8      3E8       2A         0
                text9                               2AC      2AC       50         0
                text8                               386      386       36         0
                text7                               42E      42E       16         0
                text6                               24E      24E       5E         0
                text5                               344      344       42         0
                text4                                12       12      18E         0
                text3                               2FC      2FC       48         0
                text2                               444      444       12         0
                text1                               412      412       1C         0
                text0                               1A0      1A0       AE         0
                cinit                               3BC      3BC       2C         0
                idataCOMRAM                        3000     3000        1         0

        CLASS   CONST          

        CLASS   SMALLCONST     

        CLASS   MEDIUMCONST    
                mediumconst                        2E76     2E76      18A         0

        CLASS   COMRAM         
                temp                                 2E       2E        1         1
                cstackCOMRAM                         25       25        8         1
                dataCOMRAM                           2D       2D        1         1
                bssCOMRAM                             1        1       24         1

        CLASS   ABS1           

        CLASS   BIGRAM         

        CLASS   RAM            

        CLASS   BANK0          

        CLASS   BANK1          

        CLASS   BANK2          

        CLASS   BANK3          

        CLASS   BANK4          

        CLASS   BANK5          

        CLASS   SFR            

        CLASS   BIGSFR         

        CLASS   CONFIG         
                config                           300000   300000        E         4

        CLASS   IDLOC          
                idloc                            200000   200000        8         5

        CLASS   EEDATA         

        CLASS   FARRAM         

        CLASS   HEAP           

        CLASS   STACK          



SEGMENTS        Name                           Load    Length   Top    Selector   Space  Class

                reset_vec                      000000  000004  000004         0       0  CODE    
                bssCOMRAM                      000001  00002E  00002F         1       1  COMRAM  
                intcode                        000008  00044E  000456         4       0  CODE    
                mediumconst                    002E76  00018A  003000      173B       0  MEDIUMCO
                idataCOMRAM                    003000  000001  003001      3000       0  CODE    


UNUSED ADDRESS RANGES

        Name                Unused          Largest block    Delta
        BANK0            000060-0000FF               A0
        BANK1            000100-0001FF              100
        BANK2            000200-0002FF              100
        BANK3            000300-0003FF              100
        BANK4            000400-0004FF              100
        BANK5            000500-0005FF              100
        BIGRAM           00002F-0005FF              5D1
        BIGSFR           000D00-000FFF              300
        CODE             000004-000007                4
                         000456-002E75             2A20
        COMRAM           00002F-00005F               31
        CONST            000004-000007                4
                         000456-002E75             2A20
        EEDATA           F00000-F000FF              100
        MEDIUMCONST      000600-002E75             2876
        RAM              000060-0005FF              100
        SFR              000D00-000FFF              100
        SMALLCONST       000600-002E75              100

                                  Symbol Table

_BRGCON1                             (abs)        000F70
_BRGCON2                             (abs)        000F71
_BRGCON3                             (abs)        000F72
_BRGH                                (abs)        007D62
_CANCON                              (abs)        000F6F
_CANSTAT                             (abs)        000F6E
_CREN                                (abs)        007D5C
_ECANCON                             (abs)        000F77
_GIE                                 (abs)        007F97
_OERR                                (abs)        007D59
_PEIE                                (abs)        007F96
_PORTEbits                           (abs)        000F84
_RCIE                                (abs)        007CED
_RCIF                                (abs)        007CF5
_RCREG                               (abs)        000FAE
_RXB0CON                             (abs)        000F60
_RXB0D0                              (abs)        000F66
_RXB0D1                              (abs)        000F67
_RXB0D2                              (abs)        000F68
_RXB0D3                              (abs)        000F69
_RXB0D4                              (abs)        000F6A
_RXB0D5                              (abs)        000F6B
_RXB0D6                              (abs)        000F6C
_RXB0D7                              (abs)        000F6D
_RXB0DLC                             (abs)        000F65
_RXB0EIDH                            (abs)        000F63
_RXB0EIDL                            (abs)        000F64
_RXB0FUL                             (abs)        007B07
_RXB0IF                              (abs)        007D20
_RXB0SIDH                            (abs)        000F61
_RXB0SIDL                            (abs)        000F62
_RXF0EIDH                            (abs)        000F02
_RXF0EIDL                            (abs)        000F03
_RXF0SIDH                            (abs)        000F00
_RXF0SIDL                            (abs)        000F01
_RXFCON0                             (abs)        000DD4
_SPBRG                               (abs)        000FAF
_SPEN                                (abs)        007D5F
_TRISB2                              (abs)        007C9A
_TRISB3                              (abs)        007C9B
_TRISC6                              (abs)        007CA6
_TRISC7                              (abs)        007CA7
_TRISEbits                           (abs)        000F96
_TXB0D0                              (abs)        000F46
_TXB0D1                              (abs)        000F47
_TXB0D2                              (abs)        000F48
_TXB0D3                              (abs)        000F49
_TXB0D4                              (abs)        000F4A
_TXB0D5                              (abs)        000F4B
_TXB0D6                              (abs)        000F4C
_TXB0D7                              (abs)        000F4D
_TXB0DLC                             (abs)        000F45
_TXB0EIDH                            (abs)        000F43
_TXB0EIDL                            (abs)        000F44
_TXB0REQ                             (abs)        007A03
_TXB0SIDH                            (abs)        000F41
_TXB0SIDL                            (abs)        000F42
_TXIF                                (abs)        007CF4
_TXREG                               (abs)        000FAD
__HRAM                               (abs)        000000
__H__absolute__                      __absolute__ 000000
__Habs1                              abs1         000000
__Hbank0                             bank0        000000
__Hbank1                             bank1        000000
__Hbank2                             bank2        000000
__Hbank3                             bank3        000000
__Hbank4                             bank4        000000
__Hbank5                             bank5        000000
__Hbigbss                            bigbss       000000
__Hbigdata                           bigdata      000000
__Hbigram                            bigram       000000
__Hbigsfr                            bigsfr       000000
__Hbss                               bss          000000
__HbssCOMRAM                         bssCOMRAM    000000
__Hcinit                             cinit        000000
__Hclrtext                           clrtext      000000
__Hcomram                            comram       000000
__Hconfig                            config       30000E
__Hconst                             const        000000
__HcstackCOMRAM                      cstackCOMRAM 000000
__Hdata                              data         000000
__HdataCOMRAM                        dataCOMRAM   000000
__Heeprom_data                       eeprom_data  000000
__Hfarbss                            farbss       000000
__Hfardata                           fardata      000000
__Hheap                              heap         000000
__Hibigdata                          ibigdata     000000
__Hidata                             idata        000000
__HidataCOMRAM                       idataCOMRAM  000000
__Hidloc                             idloc        200008
__Hifardata                          ifardata     000000
__Hinit                              init         000012
__Hintcode                           intcode      00000E
__Hintcode_body                      intcode_body 000000
__Hintcodelo                         intcodelo    00000E
__Hintentry                          intentry     000000
__Hintret                            intret       000000
__Hintsave_regs                      intsave_regs 000000
__Hirdata                            irdata       000000
__Hmediumconst                       mediumconst  003000
__HnvFARRAM                          nvFARRAM     000000
__Hnvbit                             nvbit        000000
__Hnvrram                            nvrram       000000
__Hparam                             rparam       000000
__Hpowerup                           powerup      00000E
__Hram                               ram          000000
__Hramtop                            ramtop       000600
__Hrbit                              rbit         000000
__Hrbss                              rbss         000000
__Hrdata                             rdata        000000
__Hreset_vec                         reset_vec    000004
__Hrparam                            rparam       000000
__Hsfr                               sfr          000000
__Hsivt_hi                           sivt_hi      000000
__Hsivt_lo                           sivt_lo      000000
__Hsmallconst                        smallconst   000000
__Hspace_0                           (abs)        003001
__Hspace_1                           (abs)        00002F
__Hspace_2                           (abs)        000000
__Hspace_4                           (abs)        60000E
__Hstack                             stack        000000
__Hstruct                            struct       000000
__Htemp                              temp         00002F
__Htext                              text         000000
__Htext0                             text0        000000
__Htext1                             text1        000000
__Htext2                             text2        000000
__Htext3                             text3        000000
__Htext4                             text4        000000
__Htext5                             text5        000000
__Htext6                             text6        000000
__Htext7                             text7        000000
__Htext8                             text8        000000
__Htext9                             text9        000000
__LRAM                               (abs)        000001
__L__absolute__                      __absolute__ 000000
__Labs1                              abs1         000000
__Lbank0                             bank0        000000
__Lbank1                             bank1        000000
__Lbank2                             bank2        000000
__Lbank3                             bank3        000000
__Lbank4                             bank4        000000
__Lbank5                             bank5        000000
__Lbigbss                            bigbss       000000
__Lbigdata                           bigdata      000000
__Lbigram                            bigram       000000
__Lbigsfr                            bigsfr       000000
__Lbss                               bss          000000
__LbssCOMRAM                         bssCOMRAM    000000
__Lcinit                             cinit        000000
__Lclrtext                           clrtext      000000
__Lcomram                            comram       000000
__Lconfig                            config       000000
__Lconst                             const        000000
__LcstackCOMRAM                      cstackCOMRAM 000000
__Ldata                              data         000000
__LdataCOMRAM                        dataCOMRAM   000000
__Leeprom_data                       eeprom_data  000000
__Lfarbss                            farbss       000000
__Lfardata                           fardata      000000
__Lheap                              heap         000000
__Libigdata                          ibigdata     000000
__Lidata                             idata        000000
__LidataCOMRAM                       idataCOMRAM  000000
__Lidloc                             idloc        000000
__Lifardata                          ifardata     000000
__Linit                              init         00000E
__Lintcode                           intcode      000008
__Lintcode_body                      intcode_body 000000
__Lintcodelo                         intcodelo    00000E
__Lintentry                          intentry     000000
__Lintret                            intret       000000
__Lintsave_regs                      intsave_regs 000000
__Lirdata                            irdata       000000
__Lmediumconst                       mediumconst  002E76
__LnvFARRAM                          nvFARRAM     000000
__Lnvbit                             nvbit        000000
__Lnvrram                            nvrram       000000
__Lparam                             rparam       000000
__Lpowerup                           powerup      00000E
__Lram                               ram          000000
__Lramtop                            ramtop       000600
__Lrbit                              rbit         000000
__Lrbss                              rbss         000000
__Lrdata                             rdata        000000
__Lreset_vec                         reset_vec    000000
__Lrparam                            rparam       000000
__Lsfr                               sfr          000000
__Lsivt_hi                           sivt_hi      000000
__Lsivt_lo                           sivt_lo      000000
__Lsmallconst                        smallconst   000000
__Lspace_0                           (abs)        000000
__Lspace_1                           (abs)        000000
__Lspace_2                           (abs)        000000
__Lspace_4                           (abs)        000000
__Lstack                             stack        000000
__Lstruct                            struct       000000
__Ltemp                              temp         00002E
__Ltext                              text         000000
__Ltext0                             text0        000000
__Ltext1                             text1        000000
__Ltext2                             text2        000000
__Ltext3                             text3        000000
__Ltext4                             text4        000000
__Ltext5                             text5        000000
__Ltext6                             text6        000000
__Ltext7                             text7        000000
__Ltext8                             text8        000000
__Ltext9                             text9        000000
__S0                                 (abs)        003001
__S1                                 (abs)        00002F
__S4                                 (abs)        000000
__S5                                 (abs)        000000
___heap_hi                           (abs)        000000
___heap_lo                           (abs)        000000
___inthi_sp                          stack        000000
___inthi_stack_hi                    stack        000000
___inthi_stack_lo                    stack        000000
___intlo_sp                          stack        000000
___intlo_stack_hi                    stack        000000
___intlo_stack_lo                    stack        000000
___param_bank                        (abs)        000000
___rparam_used                       (abs)        000001
___sp                                stack        000000
___stack_hi                          stack        000000
___stack_lo                          stack        000000
__accesstop                          (abs)        000060
__activetblptr                       (abs)        000002
__end_of__initialization             cinit        0003DA
__end_of_can_receive                 text9        0002FC
__end_of_can_transmit                text8        0003BC
__end_of_data_recived_from_UART      text5        000386
__end_of_data_recived_from_client    text4        0001A0
__end_of_init_can                    text3        000344
__end_of_init_config                 text1        00042E
__end_of_init_uart                   text2        000456
__end_of_isr                         intcode_body 000412
__end_of_main                        text0        00024E
__end_of_putch                       text7        000444
__end_of_puts                        text6        0002AC
__initialization                     cinit        0003BC
__mediumconst                        mediumconst  002E76
__pbssCOMRAM                         bssCOMRAM    000001
__pcinit                             cinit        0003BC
__pcstackCOMRAM                      cstackCOMRAM 000025
__pdataCOMRAM                        dataCOMRAM   00002D
__pidataCOMRAM                       idataCOMRAM  003000
__pintcode                           intcode      000008
__pintcode_body                      intcode_body 0003E8
__pmediumconst                       mediumconst  002E76
__ptext0                             text0        0001A0
__ptext1                             text1        000412
__ptext2                             text2        000444
__ptext3                             text3        0002FC
__ptext4                             text4        000012
__ptext5                             text5        000344
__ptext6                             text6        00024E
__ptext7                             text7        00042E
__ptext8                             text8        000386
__ptext9                             text9        0002AC
__ramtop                             ramtop       000600
__smallconst                         smallconst   000000
_can_data                            bssCOMRAM    000001
_can_payload                         bssCOMRAM    00000E
_can_receive                         text9        0002AC
_can_transmit                        text8        000386
_ch                                  bssCOMRAM    00000A
_ch_count                            bssCOMRAM    00000D
_data_add                            dataCOMRAM   00002D
_data_recived_from_UART              text5        000344
_data_recived_from_client            text4        000012
_flag                                bssCOMRAM    00000B
_init_can                            text3        0002FC
_init_config                         text1        000412
_init_uart                           text2        000444
_isr                                 intcode      000008
_main                                text0        0001A0
_no_input                            bssCOMRAM    00000C
_product_id                          bssCOMRAM    000020
_putch                               text7        00042E
_puts                                text6        00024E
_unit_stock                          bssCOMRAM    00001B
btemp                                temp         00002E
data_recived_from_UART@ch            cstackCOMRAM 000028
data_recived_from_client@can_payload cstackCOMRAM 000028
data_recived_from_client@delay       cstackCOMRAM 00002A
end_of_initialization                cinit        0003DA
int$flags                            temp         00002E
int_func                             intcode_body 0003E8
intlevel0                            text         000000
intlevel1                            text         000000
intlevel2                            text         000000
intlevel3                            text         000000
isa$std                              (abs)        000001
isa$xinst                            (abs)        000000
putch@byte                           cstackCOMRAM 000025
puts@s                               cstackCOMRAM 000026
stackhi                              (abs)        000000
stacklo                              (abs)        000000
start                                init         00000E
start_initialization                 cinit        0003BC
ttemp5                               temp         00002F
ttemp6                               temp         000032
ttemp7                               temp         000036
wtemp8                               temp         00002F


MODULE INFORMATION

Module		Function		Class		Link	Load	Size
uart.c
		_putch         		CODE           	042E	0000	22
		_init_uart     		CODE           	0444	0000	18
		_puts          		CODE           	024E	0000	94

uart.c estimated size: 134

Server_main.c
		_data_recived_from_client		CODE           	0012	0000	398
		_data_recived_from_UART		CODE           	0344	0000	66

Server_main.c estimated size: 464

isr.c
		_isr           		CODE           	0008	0000	48

isr.c estimated size: 48

shared
		__initialization		CODE           	03BC	0000	30

shared estimated size: 30

can.c
		_can_transmit  		CODE           	0386	0000	54
		_init_can      		CODE           	02FC	0000	72
		_can_receive   		CODE           	02AC	0000	80

can.c estimated size: 206

main.c
		_main          		CODE           	01A0	0000	174
		_init_config   		CODE           	0412	0000	28

main.c estimated size: 202

