Microchip MPLAB XC8 Compiler V2.50

Linker command line:

-W-3 \
  --edf=C:\Program Files\Microchip\xc8\v2.50\pic\dat\20240725155939_en.msgs \
  -cn -h+dist/default/production\02_Pick_to_Light_Client.X.production.sym \
  --cmf=dist/default/production\02_Pick_to_Light_Client.X.production.cmf -z \
  -Q18F4580 -oC:\Users\user\AppData\Local\Temp\xcCs9jg.2\driver_tmp_3.o \
  --defsym=__MPLAB_BUILD=1 --fixupoverflow=error \
  -Mdist/default/production/02_Pick_to_Light_Client.X.production.map \
  --md=C:\Users\user\AppData\Local\Temp\xcCs9jg.2\driver_tmp_0.dat -E1 \
  -ver=XC8 Compiler --acfsm=1493 -ACODE=00h-03000h -ACONST=00h-03000h \
  -ASMALLCONST=0600h-06FFhx42,03000h-03000h -AMEDIUMCONST=0600h-03000h \
  -ACOMRAM=01h-05Fh -AABS1=00h-05FFh -ABIGRAM=01h-05FFh \
  -ARAM=060h-0FFh,0100h-01FFhx5 -ABANK0=060h-0FFh -ABANK1=0100h-01FFh \
  -ABANK2=0200h-02FFh -ABANK3=0300h-03FFh -ABANK4=0400h-04FFh \
  -ABANK5=0500h-05FFh -ASFR=0D00h-0DFFhx2,0F00h-0F5Fh,0F60h-0FFFh \
  -ABIGSFR=0D00h-0FFFh -ACONFIG=0300000h-030000Dh -AIDLOC=0200000h-0200007h \
  -AEEDATA=0F00000h-0F000FFh -peeprom_data=EEDATA \
  -preset_vec=00h,intcode=8h,intcodelo,powerup,init -pramtop=0600h \
  -psmallconst=SMALLCONST -pmediumconst=MEDIUMCONST -pconst=CONST \
  -AFARRAM=00h-00h \
  -prdata=COMRAM,nvrram=COMRAM,nvbit=COMRAM,rbss=COMRAM,rbit=COMRAM \
  -pfarbss=FARRAM,fardata=FARRAM,nvFARRAM=FARRAM \
  -pintsave_regs=BIGRAM,bigbss=BIGRAM,bigdata=BIGRAM -pbss=RAM \
  -pidata=CODE,irdata=CODE,ibigdata=CODE,ifardata=CODE -prparam=COMRAM \
  C:\Users\user\AppData\Local\Temp\xcCs9jg.2\driver_tmp_9.o \
  dist/default/production\02_Pick_to_Light_Client.X.production.o 

Object code version is 3.11

Machine type is 18F4580



                Name                               Link     Load   Length Selector   Space Scale
C:\Users\user\AppData\Local\Temp\xcCs9jg.2\driver_tmp_9.o
                idloc                            200000   200000        8        0       5
                config                           300000   300000        E        0       4
                init                                  E        E        4        4       0
                reset_vec                             0        0        4        0       0
dist/default/production\02_Pick_to_Light_Client.X.production.o
                intcode                               8        8        6        4       0
                idloc                            200000   200000        8        0       5
                config                           300000   300000        E        0       4
                temp                                 55       55        1        1       1
                smallconst                          600      600        2      300       0
                intcode_body                       132C     132C       1A      301       0
                text20                             11EC     11EC       50      301       0
                text19                             112C     112C       64      301       0
                text18                             1370     1370       12      301       0
                text17                             12FC     12FC       30      301       0
                text16                              B0E      B0E      248      301       0
                text15                             12C6     12C6       36      301       0
                text14                              88C      88C      282      301       0
                text13                              E18      E18       C2      301       0
                text12                              EDA      EDA       B2      301       0
                text11                              D56      D56       C2      301       0
                text10                              F8C      F8C       AE      301       0
                text9                               602      602      28A      301       0
                text8                              135E     135E       12      301       0
                text7                              1284     1284       42      301       0
                text6                              123C     123C       48      301       0
                text5                              13B0     13B0        8      301       0
                text4                              13A8     13A8        8      301       0
                text3                              1382     1382       10      301       0
                text2                              1346     1346       18      301       0
                text1                              1190     1190       5C      301       0
                text0                              103A     103A       8C      301       0
                cstackCOMRAM                         25       25       24        1       1
                dataBANK0                            6D       6D        A       60       1
                bssBANK0                             60       60        D       60       1
                dataCOMRAM                           49       49        C        1       1
                bssCOMRAM                             1        1       24        1       1
                cinit                              10C6     10C6       66      301       0
                idataBANK0                         139E     139E        A      301       0
                idataCOMRAM                        1392     1392        C      301       0

TOTAL           Name                               Link     Load   Length     Space
        CLASS   CODE           
                intcode                               8        8        6         0
                init                                  E        E        4         0
                reset_vec                             0        0        4         0
                intcode_body                       132C     132C       1A         0
                text20                             11EC     11EC       50         0
                text19                             112C     112C       64         0
                text18                             1370     1370       12         0
                text17                             12FC     12FC       30         0
                text16                              B0E      B0E      248         0
                text15                             12C6     12C6       36         0
                text14                              88C      88C      282         0
                text13                              E18      E18       C2         0
                text12                              EDA      EDA       B2         0
                text11                              D56      D56       C2         0
                text10                              F8C      F8C       AE         0
                text9                               602      602      28A         0
                text8                              135E     135E       12         0
                text7                              1284     1284       42         0
                text6                              123C     123C       48         0
                text5                              13B0     13B0        8         0
                text4                              13A8     13A8        8         0
                text3                              1382     1382       10         0
                text2                              1346     1346       18         0
                text1                              1190     1190       5C         0
                text0                              103A     103A       8C         0
                cinit                              10C6     10C6       66         0
                idataBANK0                         139E     139E        A         0
                idataCOMRAM                        1392     1392        C         0

        CLASS   CONST          

        CLASS   SMALLCONST     
                smallconst                          600      600        2         0

        CLASS   MEDIUMCONST    

        CLASS   COMRAM         
                temp                                 55       55        1         1
                cstackCOMRAM                         25       25       24         1
                dataCOMRAM                           49       49        C         1
                bssCOMRAM                             1        1       24         1

        CLASS   ABS1           

        CLASS   BIGRAM         

        CLASS   RAM            

        CLASS   BANK0          
                dataBANK0                            6D       6D        A         1
                bssBANK0                             60       60        D         1

        CLASS   BANK1          

        CLASS   BANK2          

        CLASS   BANK3          

        CLASS   BANK4          

        CLASS   BANK5          

        CLASS   SFR            

        CLASS   BIGSFR         

        CLASS   CONFIG         
                config                           300000   300000        E         4

        CLASS   IDLOC          
                idloc                            200000   200000        8         5

        CLASS   EEDATA         

        CLASS   FARRAM         

        CLASS   HEAP           

        CLASS   STACK          



SEGMENTS        Name                           Load    Length   Top    Selector   Space  Class

                reset_vec                      000000  000004  000004         0       0  CODE    
                bssCOMRAM                      000001  000055  000056         1       1  COMRAM  
                intcode                        000008  00000A  000012         4       0  CODE    
                bssBANK0                       000060  000017  000077        60       1  BANK0   
                smallconst                     000600  000002  000602       300       0  SMALLCON
                text9                          000602  000DB6  0013B8       301       0  CODE    


UNUSED ADDRESS RANGES

        Name                Unused          Largest block    Delta
        BANK0            000077-0000FF               89
        BANK1            000100-0001FF              100
        BANK2            000200-0002FF              100
        BANK3            000300-0003FF              100
        BANK4            000400-0004FF              100
        BANK5            000500-0005FF              100
        BIGRAM           000056-00005F                A
                         000077-0005FF              589
        BIGSFR           000D00-000FFF              300
        CODE             000004-000007                4
                         000012-0005FF              5EE
                         0013B8-003000             1C49
        COMRAM           000056-00005F                A
        CONST            000004-000007                4
                         000012-0005FF              5EE
                         0013B8-003000             1C49
        EEDATA           F00000-F000FF              100
        MEDIUMCONST      0013B8-003000             1C49
        RAM              000077-0005FF              100
        SFR              000D00-000FFF              100
        SMALLCONST       0013B8-003000              100

                                  Symbol Table

?___awdiv                          cstackCOMRAM 000025
?___awmod                          cstackCOMRAM 00002D
_BRGCON1                           (abs)        000F70
_BRGCON2                           (abs)        000F71
_BRGCON3                           (abs)        000F72
_CANCON                            (abs)        000F6F
_CANSTAT                           (abs)        000F6E
_ECANCON                           (abs)        000F77
_EEADR                             (abs)        000FA9
_EECON1bits                        (abs)        000FA6
_EECON2                            (abs)        000FA7
_EEDATA                            (abs)        000FA8
_GIE                               (abs)        007F97
_INT0E                             (abs)        007F94
_INT0F                             (abs)        007F91
_INTEDG0                           (abs)        007F8E
_PEIE                              (abs)        007F96
_PIR2bits                          (abs)        000FA1
_PORTA                             (abs)        000F80
_PORTC                             (abs)        000F82
_PORTD                             (abs)        000F83
_PORTEbits                         (abs)        000F84
_RXB0CON                           (abs)        000F60
_RXB0D0                            (abs)        000F66
_RXB0D1                            (abs)        000F67
_RXB0D2                            (abs)        000F68
_RXB0D3                            (abs)        000F69
_RXB0D4                            (abs)        000F6A
_RXB0D5                            (abs)        000F6B
_RXB0D6                            (abs)        000F6C
_RXB0D7                            (abs)        000F6D
_RXB0DLC                           (abs)        000F65
_RXB0EIDH                          (abs)        000F63
_RXB0EIDL                          (abs)        000F64
_RXB0FUL                           (abs)        007B07
_RXB0IF                            (abs)        007D20
_RXB0SIDH                          (abs)        000F61
_RXB0SIDL                          (abs)        000F62
_RXF0EIDH                          (abs)        000F02
_RXF0EIDL                          (abs)        000F03
_RXF0SIDH                          (abs)        000F00
_RXF0SIDL                          (abs)        000F01
_RXFCON0                           (abs)        000DD4
_TRISA                             (abs)        000F92
_TRISB2                            (abs)        007C9A
_TRISB3                            (abs)        007C9B
_TRISC                             (abs)        000F94
_TRISD                             (abs)        000F95
_TRISEbits                         (abs)        000F96
_TXB0D0                            (abs)        000F46
_TXB0D1                            (abs)        000F47
_TXB0D2                            (abs)        000F48
_TXB0D3                            (abs)        000F49
_TXB0D4                            (abs)        000F4A
_TXB0D5                            (abs)        000F4B
_TXB0D6                            (abs)        000F4C
_TXB0D7                            (abs)        000F4D
_TXB0DLC                           (abs)        000F45
_TXB0EIDH                          (abs)        000F43
_TXB0EIDL                          (abs)        000F44
_TXB0REQ                           (abs)        007A03
_TXB0SIDH                          (abs)        000F41
_TXB0SIDL                          (abs)        000F42
__HRAM                             (abs)        000000
__H__absolute__                    __absolute__ 000000
__Habs1                            abs1         000000
__Hbank0                           bank0        000000
__Hbank1                           bank1        000000
__Hbank2                           bank2        000000
__Hbank3                           bank3        000000
__Hbank4                           bank4        000000
__Hbank5                           bank5        000000
__Hbigbss                          bigbss       000000
__Hbigdata                         bigdata      000000
__Hbigram                          bigram       000000
__Hbigsfr                          bigsfr       000000
__Hbss                             bss          000000
__HbssBANK0                        bssBANK0     000000
__HbssCOMRAM                       bssCOMRAM    000000
__Hcinit                           cinit        000000
__Hclrtext                         clrtext      000000
__Hcomram                          comram       000000
__Hconfig                          config       30000E
__Hconst                           const        000000
__HcstackCOMRAM                    cstackCOMRAM 000000
__Hdata                            data         000000
__HdataBANK0                       dataBANK0    000000
__HdataCOMRAM                      dataCOMRAM   000000
__Heeprom_data                     eeprom_data  000000
__Hfarbss                          farbss       000000
__Hfardata                         fardata      000000
__Hheap                            heap         000000
__Hibigdata                        ibigdata     000000
__Hidata                           idata        000000
__HidataBANK0                      idataBANK0   000000
__HidataCOMRAM                     idataCOMRAM  000000
__Hidloc                           idloc        200008
__Hifardata                        ifardata     000000
__Hinit                            init         000012
__Hintcode                         intcode      00000E
__Hintcode_body                    intcode_body 000000
__Hintcodelo                       intcodelo    00000E
__Hintentry                        intentry     000000
__Hintret                          intret       000000
__Hintsave_regs                    intsave_regs 000000
__Hirdata                          irdata       000000
__Hmediumconst                     mediumconst  000000
__HnvFARRAM                        nvFARRAM     000000
__Hnvbit                           nvbit        000000
__Hnvrram                          nvrram       000000
__Hparam                           rparam       000000
__Hpowerup                         powerup      00000E
__Hram                             ram          000000
__Hramtop                          ramtop       000600
__Hrbit                            rbit         000000
__Hrbss                            rbss         000000
__Hrdata                           rdata        000000
__Hreset_vec                       reset_vec    000004
__Hrparam                          rparam       000000
__Hsfr                             sfr          000000
__Hsivt_hi                         sivt_hi      000000
__Hsivt_lo                         sivt_lo      000000
__Hsmallconst                      smallconst   000602
__Hspace_0                         (abs)        0013B8
__Hspace_1                         (abs)        000077
__Hspace_2                         (abs)        000000
__Hspace_4                         (abs)        60000E
__Hstack                           stack        000000
__Hstruct                          struct       000000
__Htemp                            temp         000056
__Htext                            text         000000
__Htext0                           text0        000000
__Htext1                           text1        000000
__Htext10                          text10       000000
__Htext11                          text11       000000
__Htext12                          text12       000000
__Htext13                          text13       000000
__Htext14                          text14       000000
__Htext15                          text15       000000
__Htext16                          text16       000000
__Htext17                          text17       000000
__Htext18                          text18       000000
__Htext19                          text19       000000
__Htext2                           text2        000000
__Htext20                          text20       000000
__Htext3                           text3        000000
__Htext4                           text4        000000
__Htext5                           text5        000000
__Htext6                           text6        000000
__Htext7                           text7        000000
__Htext8                           text8        000000
__Htext9                           text9        000000
__LRAM                             (abs)        000001
__L__absolute__                    __absolute__ 000000
__Labs1                            abs1         000000
__Lbank0                           bank0        000000
__Lbank1                           bank1        000000
__Lbank2                           bank2        000000
__Lbank3                           bank3        000000
__Lbank4                           bank4        000000
__Lbank5                           bank5        000000
__Lbigbss                          bigbss       000000
__Lbigdata                         bigdata      000000
__Lbigram                          bigram       000000
__Lbigsfr                          bigsfr       000000
__Lbss                             bss          000000
__LbssBANK0                        bssBANK0     000000
__LbssCOMRAM                       bssCOMRAM    000000
__Lcinit                           cinit        000000
__Lclrtext                         clrtext      000000
__Lcomram                          comram       000000
__Lconfig                          config       000000
__Lconst                           const        000000
__LcstackCOMRAM                    cstackCOMRAM 000000
__Ldata                            data         000000
__LdataBANK0                       dataBANK0    000000
__LdataCOMRAM                      dataCOMRAM   000000
__Leeprom_data                     eeprom_data  000000
__Lfarbss                          farbss       000000
__Lfardata                         fardata      000000
__Lheap                            heap         000000
__Libigdata                        ibigdata     000000
__Lidata                           idata        000000
__LidataBANK0                      idataBANK0   000000
__LidataCOMRAM                     idataCOMRAM  000000
__Lidloc                           idloc        000000
__Lifardata                        ifardata     000000
__Linit                            init         00000E
__Lintcode                         intcode      000008
__Lintcode_body                    intcode_body 000000
__Lintcodelo                       intcodelo    00000E
__Lintentry                        intentry     000000
__Lintret                          intret       000000
__Lintsave_regs                    intsave_regs 000000
__Lirdata                          irdata       000000
__Lmediumconst                     mediumconst  000000
__LnvFARRAM                        nvFARRAM     000000
__Lnvbit                           nvbit        000000
__Lnvrram                          nvrram       000000
__Lparam                           rparam       000000
__Lpowerup                         powerup      00000E
__Lram                             ram          000000
__Lramtop                          ramtop       000600
__Lrbit                            rbit         000000
__Lrbss                            rbss         000000
__Lrdata                           rdata        000000
__Lreset_vec                       reset_vec    000000
__Lrparam                          rparam       000000
__Lsfr                             sfr          000000
__Lsivt_hi                         sivt_hi      000000
__Lsivt_lo                         sivt_lo      000000
__Lsmallconst                      smallconst   000600
__Lspace_0                         (abs)        000000
__Lspace_1                         (abs)        000000
__Lspace_2                         (abs)        000000
__Lspace_4                         (abs)        000000
__Lstack                           stack        000000
__Lstruct                          struct       000000
__Ltemp                            temp         000055
__Ltext                            text         000000
__Ltext0                           text0        000000
__Ltext1                           text1        000000
__Ltext10                          text10       000000
__Ltext11                          text11       000000
__Ltext12                          text12       000000
__Ltext13                          text13       000000
__Ltext14                          text14       000000
__Ltext15                          text15       000000
__Ltext16                          text16       000000
__Ltext17                          text17       000000
__Ltext18                          text18       000000
__Ltext19                          text19       000000
__Ltext2                           text2        000000
__Ltext20                          text20       000000
__Ltext3                           text3        000000
__Ltext4                           text4        000000
__Ltext5                           text5        000000
__Ltext6                           text6        000000
__Ltext7                           text7        000000
__Ltext8                           text8        000000
__Ltext9                           text9        000000
__S0                               (abs)        0013B8
__S1                               (abs)        000077
__S4                               (abs)        000000
__S5                               (abs)        000000
___awdiv                           text11       000D56
___awdiv@counter                   cstackCOMRAM 000029
___awdiv@dividend                  cstackCOMRAM 000025
___awdiv@divisor                   cstackCOMRAM 000027
___awdiv@quotient                  cstackCOMRAM 00002B
___awdiv@sign                      cstackCOMRAM 00002A
___awmod                           text10       000F8C
___awmod@counter                   cstackCOMRAM 000031
___awmod@dividend                  cstackCOMRAM 00002D
___awmod@divisor                   cstackCOMRAM 00002F
___awmod@sign                      cstackCOMRAM 000032
___heap_hi                         (abs)        000000
___heap_lo                         (abs)        000000
___inthi_sp                        stack        000000
___inthi_stack_hi                  stack        000000
___inthi_stack_lo                  stack        000000
___intlo_sp                        stack        000000
___intlo_stack_hi                  stack        000000
___intlo_stack_lo                  stack        000000
___param_bank                      (abs)        000000
___rparam_used                     (abs)        000001
___sp                              stack        000000
___stack_hi                        stack        000000
___stack_lo                        stack        000000
__accesstop                        (abs)        000060
__activetblptr                     (abs)        000002
__end_of___awdiv                   text11       000E18
__end_of___awmod                   text10       00103A
__end_of__initialization           cinit        00111E
__end_of_can_receive               text20       00123C
__end_of_can_transmit              text15       0012FC
__end_of_client_main               text13       000EDA
__end_of_data_recive               text12       000F8C
__end_of_data_update               text9        00088C
__end_of_display                   text19       001190
__end_of_get_data_from_eeprom      text7        0012C6
__end_of_init_can                  text6        001284
__end_of_init_config               text2        00135E
__end_of_init_digital_keypad       text5        0013B8
__end_of_init_external_interrupt   text4        0013B0
__end_of_init_ssd_control          text3        001392
__end_of_isr                       intcode_body 001346
__end_of_main                      text0        0010C6
__end_of_product_id                text16       000D56
__end_of_read_digital_keypad       text1        0011EC
__end_of_read_internal_eeprom      text8        001370
__end_of_reset_client_flags        text18       001382
__end_of_unit_stock                text14       000B0E
__end_of_write_internal_eeprom     text17       00132C
__initialization                   cinit        0010C6
__mediumconst                      mediumconst  000000
__pbssBANK0                        bssBANK0     000060
__pbssCOMRAM                       bssCOMRAM    000001
__pcinit                           cinit        0010C6
__pcstackCOMRAM                    cstackCOMRAM 000025
__pdataBANK0                       dataBANK0    00006D
__pdataCOMRAM                      dataCOMRAM   000049
__pidataBANK0                      idataBANK0   00139E
__pidataCOMRAM                     idataCOMRAM  001392
__pintcode                         intcode      000008
__pintcode_body                    intcode_body 00132C
__psmallconst                      smallconst   000600
__ptext0                           text0        00103A
__ptext1                           text1        001190
__ptext10                          text10       000F8C
__ptext11                          text11       000D56
__ptext12                          text12       000EDA
__ptext13                          text13       000E18
__ptext14                          text14       00088C
__ptext15                          text15       0012C6
__ptext16                          text16       000B0E
__ptext17                          text17       0012FC
__ptext18                          text18       001370
__ptext19                          text19       00112C
__ptext2                           text2        001346
__ptext20                          text20       0011EC
__ptext3                           text3        001382
__ptext4                           text4        0013A8
__ptext5                           text5        0013B0
__ptext6                           text6        00123C
__ptext7                           text7        001284
__ptext8                           text8        00135E
__ptext9                           text9        000602
__ramtop                           ramtop       000600
__smallconst                       smallconst   000600
_can_a                             bssCOMRAM    000013
_can_b                             bssCOMRAM    000012
_can_c                             bssCOMRAM    000011
_can_d                             bssCOMRAM    000010
_can_data                          bssCOMRAM    000001
_can_payload                       bssBANK0     000060
_can_receive                       text20       0011EC
_can_transmit                      text15       0012C6
_client_flag                       bssCOMRAM    00001F
_client_main                       text13       000E18
_client_option                     bssCOMRAM    00001E
_data_a                            bssCOMRAM    00001B
_data_b                            bssCOMRAM    00001A
_data_c                            bssCOMRAM    000019
_data_d                            bssCOMRAM    000018
_data_recive                       text12       000EDA
_data_update                       text9        000602
_digit                             dataCOMRAM   000049
_digit_dot                         dataBANK0    00006D
_display                           text19       00112C
_field_flag                        dataCOMRAM   000053
_get_data_from_eeprom              text7        001284
_i                                 bssCOMRAM    00000C
_id_a                              bssCOMRAM    000017
_id_b                              bssCOMRAM    000016
_id_c                              bssCOMRAM    000015
_id_d                              bssCOMRAM    000014
_inc_flag                          bssCOMRAM    00001D
_init_can                          text6        00123C
_init_config                       text2        001346
_init_digital_keypad               text5        0013B0
_init_external_interrupt           text4        0013A8
_init_ssd_control                  text3        001382
_isr                               intcode      000008
_key                               bssCOMRAM    000020
_key_detected                      bssCOMRAM    00000E
_main                              text0        00103A
_product_id                        text16       000B0E
_read_digital_keypad               text1        001190
_read_internal_eeprom              text8        00135E
_receive_flag                      bssCOMRAM    00000A
_reset_client_flags                text18       001370
_ssd                               bssCOMRAM    000021
_unit_stock                        text14       00088C
_write_flag                        bssCOMRAM    00001C
_write_internal_eeprom             text17       0012FC
btemp                              temp         000055
client_main@key                    cstackCOMRAM 00002B
data_recive@can_payload            cstackCOMRAM 000025
data_update@client_data            cstackCOMRAM 000044
data_update@delay                  cstackCOMRAM 00003F
data_update@key                    cstackCOMRAM 000041
data_update@res                    cstackCOMRAM 000046
data_update@server_data            cstackCOMRAM 000042
display@data                       cstackCOMRAM 000025
display@digit                      cstackCOMRAM 00002A
display@wait                       cstackCOMRAM 000028
end_of_initialization              cinit        00111E
int$flags                          temp         000055
int_func                           intcode_body 00132C
intlevel0                          text         000000
intlevel1                          text         000000
intlevel2                          text         000000
intlevel3                          text         000000
isa$std                            (abs)        000001
isa$xinst                          (abs)        000000
product_id@key                     cstackCOMRAM 000027
read_digital_keypad@detection_type cstackCOMRAM 000025
read_digital_keypad@once           dataCOMRAM   000054
read_internal_eeprom@address       cstackCOMRAM 000025
stackhi                            (abs)        000000
stacklo                            (abs)        000000
start                              init         00000E
start_initialization               cinit        0010C6
ttemp5                             temp         000056
ttemp6                             temp         000059
ttemp7                             temp         00005D
unit_stock@delay                   cstackCOMRAM 000027
unit_stock@key                     cstackCOMRAM 000029
write_internal_eeprom@address      cstackCOMRAM 000026
write_internal_eeprom@data         cstackCOMRAM 000025
wtemp8                             temp         000056


MODULE INFORMATION

Module		Function		Class		Link	Load	Size
internal_eeprom.c
		_read_internal_eeprom		CODE           	135E	0000	18
		_write_internal_eeprom		CODE           	12FC	0000	48

internal_eeprom.c estimated size: 66

interupt.c
		_init_external_interrupt		CODE           	13A8	0000	8

interupt.c estimated size: 8

digital_keypad.c
		_init_digital_keypad		CODE           	13B0	0000	8
		_read_digital_keypad		CODE           	1190	0000	92

digital_keypad.c estimated size: 100

client_file.c
		_product_id    		CODE           	0B0E	0000	584
		_data_update   		CODE           	0602	0000	650
		_reset_client_flags		CODE           	1370	0000	18
		_data_recive   		CODE           	0EDA	0000	178
		_get_data_from_eeprom		CODE           	1284	0000	66
		_client_main   		CODE           	0E18	0000	194
		_unit_stock    		CODE           	088C	0000	642

client_file.c estimated size: 2332

C:\Program Files\Microchip\xc8\v2.50\pic\sources\c99\common\awmod.c
		___awmod       		CODE           	0F8C	0000	174

C:\Program Files\Microchip\xc8\v2.50\pic\sources\c99\common\awmod.c estimated size: 174

ssd_display.c
		_display       		CODE           	112C	0000	100
		_init_ssd_control		CODE           	1382	0000	16

ssd_display.c estimated size: 116

isr.c
		_isr           		CODE           	0008	0000	32

isr.c estimated size: 32

shared
		__initialization		CODE           	10C6	0000	88

shared estimated size: 88

can.c
		_can_transmit  		CODE           	12C6	0000	54
		_init_can      		CODE           	123C	0000	72
		_can_receive   		CODE           	11EC	0000	80

can.c estimated size: 206

C:\Program Files\Microchip\xc8\v2.50\pic\sources\c99\common\awdiv.c
		___awdiv       		CODE           	0D56	0000	194

C:\Program Files\Microchip\xc8\v2.50\pic\sources\c99\common\awdiv.c estimated size: 194

main.c
		_main          		CODE           	103A	0000	140
		_init_config   		CODE           	1346	0000	24

main.c estimated size: 164

